Archive member included because of file (symbol)

c:/program files (x86)/codesourcery/sourcery_codebench_lite_for_arm_eabi/bin/../lib/gcc/arm-none-eabi/4.7.3/thumb2\libgcc.a(_arm_addsubdf3.o)
                              ./release/timer.o (__aeabi_f2d)
c:/program files (x86)/codesourcery/sourcery_codebench_lite_for_arm_eabi/bin/../lib/gcc/arm-none-eabi/4.7.3/thumb2\libgcc.a(_arm_muldivdf3.o)
                              ./release/timer.o (__aeabi_ddiv)
c:/program files (x86)/codesourcery/sourcery_codebench_lite_for_arm_eabi/bin/../lib/gcc/arm-none-eabi/4.7.3/thumb2\libgcc.a(_arm_truncdfsf2.o)
                              ./release/timer.o (__aeabi_d2f)
c:/program files (x86)/codesourcery/sourcery_codebench_lite_for_arm_eabi/bin/../lib/gcc/arm-none-eabi/4.7.3/thumb2\libgcc.a(_arm_addsubsf3.o)
                              ./release/timer.o (__aeabi_fsub)
c:/program files (x86)/codesourcery/sourcery_codebench_lite_for_arm_eabi/bin/../lib/gcc/arm-none-eabi/4.7.3/thumb2\libgcc.a(_arm_muldivsf3.o)
                              ./release/timer.o (__aeabi_fmul)
c:/program files (x86)/codesourcery/sourcery_codebench_lite_for_arm_eabi/bin/../lib/gcc/arm-none-eabi/4.7.3/thumb2\libgcc.a(_arm_cmpsf2.o)
                              ./release/timer.o (__aeabi_fcmpeq)
c:/program files (x86)/codesourcery/sourcery_codebench_lite_for_arm_eabi/bin/../lib/gcc/arm-none-eabi/4.7.3/thumb2\libgcc.a(_arm_fixsfsi.o)
                              ./release/timer.o (__aeabi_f2iz)
c:/program files (x86)/codesourcery/sourcery_codebench_lite_for_arm_eabi/bin/../lib/gcc/arm-none-eabi/4.7.3/thumb2\libgcc.a(_arm_fixunssfsi.o)
                              ./release/timer.o (__aeabi_f2uiz)

Allocating common symbols
Common symbol       size              file

ptr_function        0x4               ./release/timer.o

Memory Configuration

Name             Origin             Length             Attributes
FLASH            0x08000000         0x00020000         xr
RAM              0x20000000         0x00005000         rw
*default*        0x00000000         0xffffffff

Linker script and memory map

LOAD ./release/clock.o
LOAD ./release/gpio.o
LOAD ./release/timer.o
LOAD ./release/main.o
LOAD ./release/startup-gcc.o
LOAD c:/program files (x86)/codesourcery/sourcery_codebench_lite_for_arm_eabi/bin/../lib/gcc/arm-none-eabi/4.7.3/../../../../arm-none-eabi/lib/thumb2\libm.a
START GROUP
LOAD c:/program files (x86)/codesourcery/sourcery_codebench_lite_for_arm_eabi/bin/../lib/gcc/arm-none-eabi/4.7.3/thumb2\libgcc.a
LOAD c:/program files (x86)/codesourcery/sourcery_codebench_lite_for_arm_eabi/bin/../lib/gcc/arm-none-eabi/4.7.3/../../../../arm-none-eabi/lib/thumb2\libc.a
END GROUP
START GROUP
LOAD c:/program files (x86)/codesourcery/sourcery_codebench_lite_for_arm_eabi/bin/../lib/gcc/arm-none-eabi/4.7.3/thumb2\libgcc.a
LOAD c:/program files (x86)/codesourcery/sourcery_codebench_lite_for_arm_eabi/bin/../lib/gcc/arm-none-eabi/4.7.3/../../../../arm-none-eabi/lib/thumb2\libc.a
LOAD c:/program files (x86)/codesourcery/sourcery_codebench_lite_for_arm_eabi/bin/../lib/gcc/arm-none-eabi/4.7.3/../../../../arm-none-eabi/lib/thumb2\libm.a
END GROUP

.text           0x08000000     0x13ac
 *(.isr_vector)
 .isr_vector    0x08000000       0xec ./release/startup-gcc.o
                0x08000000                __isr_vector
 *(.text*)
 .text          0x080000ec       0xa8 ./release/clock.o
                0x080000ec                CLOCK_Configure
                0x0800016c                CLOCK_GetTIMCLK
                0x08000174                CLOCK_GetHCLK
                0x0800017c                CLOCK_GetPCLK1
                0x08000184                CLOCK_GetPCLK2
                0x0800018c                CLOCK_GetADCCLK
 .text          0x08000194       0xbc ./release/gpio.o
                0x08000194                Port_IO_Init_Output
                0x080001c4                Port_IO_Init_Input
                0x080001fc                Port_IO_Set
                0x0800020c                Port_IO_Reset
                0x08000220                Port_IO_Blink
                0x0800023c                Port_IO_Read
 .text          0x08000250      0x240 ./release/timer.o
                0x08000250                Timer_1234_Init
                0x0800039c                TIM2_IRQHandler
                0x080003c0                TIM3_IRQHandler
                0x080003e4                TIM4_IRQHandler
                0x08000408                Timer_Active_IT
 .text          0x08000490       0x28 ./release/main.o
                0x08000490                main
 .text          0x080004b8       0x8c ./release/startup-gcc.o
                0x080004b8                Reset_Handler
                0x0800052c                SystemInit
                0x0800052e                NMI_Handler
                0x08000530                HardFault_Handler
                0x08000532                MemManage_Handler
                0x08000534                BusFault_Handler
                0x08000536                UsageFault_Handler
                0x08000538                SVC_Handler
                0x0800053a                DebugMon_Handler
                0x0800053c                PendSV_Handler
                0x0800053e                SysTick_Handler
                0x08000540                DMAChannel1_IRQHandler
                0x08000540                DMAChannel7_IRQHandler
                0x08000540                SPI1_IRQHandler
                0x08000540                TAMPER_IRQHandler
                0x08000540                DMAChannel4_IRQHandler
                0x08000540                I2C2_EV_IRQHandler
                0x08000540                EXTI0_IRQHandler
                0x08000540                RTC_IRQHandler
                0x08000540                EXTI3_IRQHandler
                0x08000540                CAN1_RX1_IRQHandler
                0x08000540                I2C1_EV_IRQHandler
                0x08000540                RCC_IRQHandler
                0x08000540                TIM1_TRG_COM_IRQHandler
                0x08000540                EXTI15_10_IRQHandler
                0x08000540                ADC_IRQHandler
                0x08000540                DMAChannel5_IRQHandler
                0x08000540                EXTI9_5_IRQHandler
                0x08000540                DMAChannel2_IRQHandler
                0x08000540                SPI2_IRQHandler
                0x08000540                PVD_IRQHandler
                0x08000540                TIM1_CC_IRQHandler
                0x08000540                EXTI4_IRQHandler
                0x08000540                USB_LP_CAN1_RX0_IRQHandler
                0x08000540                USART3_IRQHandler
                0x08000540                USB_HP_CAN1_TX_IRQHandler
                0x08000540                TIM1_UP_IRQHandler
                0x08000540                WWDG_IRQHandler
                0x08000540                TIM1_BRK_IRQHandler
                0x08000540                EXTI1_IRQHandler
                0x08000540                RTCAlarm_IRQHandler
                0x08000540                USART2_IRQHandler
                0x08000540                I2C2_ER_IRQHandler
                0x08000540                CAN1_SCE_IRQHandler
                0x08000540                FLASH_IRQHandler
                0x08000540                DMAChannel6_IRQHandler
                0x08000540                DMAChannel3_IRQHandler
                0x08000540                EXTI2_IRQHandler
                0x08000540                USART1_IRQHandler
                0x08000540                I2C1_ER_IRQHandler
                0x08000540                USBWakeUp_IRQHandler
 .text          0x08000544      0x370 c:/program files (x86)/codesourcery/sourcery_codebench_lite_for_arm_eabi/bin/../lib/gcc/arm-none-eabi/4.7.3/thumb2\libgcc.a(_arm_addsubdf3.o)
                0x08000544                __aeabi_drsub
                0x0800054c                __aeabi_dsub
                0x0800054c                __subdf3
                0x08000550                __aeabi_dadd
                0x08000550                __adddf3
                0x080007c8                __floatunsidf
                0x080007c8                __aeabi_ui2d
                0x080007e8                __floatsidf
                0x080007e8                __aeabi_i2d
                0x0800080c                __aeabi_f2d
                0x0800080c                __extendsfdf2
                0x08000848                __floatundidf
                0x08000848                __aeabi_ul2d
                0x08000858                __floatdidf
                0x08000858                __aeabi_l2d
 .text          0x080008b4      0x424 c:/program files (x86)/codesourcery/sourcery_codebench_lite_for_arm_eabi/bin/../lib/gcc/arm-none-eabi/4.7.3/thumb2\libgcc.a(_arm_muldivdf3.o)
                0x080008b4                __aeabi_dmul
                0x080008b4                __muldf3
                0x08000b08                __divdf3
                0x08000b08                __aeabi_ddiv
 .text          0x08000cd8       0xa0 c:/program files (x86)/codesourcery/sourcery_codebench_lite_for_arm_eabi/bin/../lib/gcc/arm-none-eabi/4.7.3/thumb2\libgcc.a(_arm_truncdfsf2.o)
                0x08000cd8                __truncdfsf2
                0x08000cd8                __aeabi_d2f
 .text          0x08000d78      0x21c c:/program files (x86)/codesourcery/sourcery_codebench_lite_for_arm_eabi/bin/../lib/gcc/arm-none-eabi/4.7.3/thumb2\libgcc.a(_arm_addsubsf3.o)
                0x08000d78                __aeabi_frsub
                0x08000d80                __subsf3
                0x08000d80                __aeabi_fsub
                0x08000d84                __aeabi_fadd
                0x08000d84                __addsf3
                0x08000ee4                __aeabi_ui2f
                0x08000ee4                __floatunsisf
                0x08000eec                __aeabi_i2f
                0x08000eec                __floatsisf
                0x08000f08                __aeabi_ul2f
                0x08000f08                __floatundisf
                0x08000f18                __aeabi_l2f
                0x08000f18                __floatdisf
 .text          0x08000f94      0x2a0 c:/program files (x86)/codesourcery/sourcery_codebench_lite_for_arm_eabi/bin/../lib/gcc/arm-none-eabi/4.7.3/thumb2\libgcc.a(_arm_muldivsf3.o)
                0x08000f94                __mulsf3
                0x08000f94                __aeabi_fmul
                0x080010fc                __aeabi_fdiv
                0x080010fc                __divsf3
 .text          0x08001234       0xec c:/program files (x86)/codesourcery/sourcery_codebench_lite_for_arm_eabi/bin/../lib/gcc/arm-none-eabi/4.7.3/thumb2\libgcc.a(_arm_cmpsf2.o)
                0x08001234                __gesf2
                0x08001234                __gtsf2
                0x0800123c                __lesf2
                0x0800123c                __ltsf2
                0x08001244                __nesf2
                0x08001244                __eqsf2
                0x08001244                __cmpsf2
                0x080012a4                __aeabi_cfrcmple
                0x080012ac                __aeabi_cfcmpeq
                0x080012ac                __aeabi_cfcmple
                0x080012bc                __aeabi_fcmpeq
                0x080012d0                __aeabi_fcmplt
                0x080012e4                __aeabi_fcmple
                0x080012f8                __aeabi_fcmpge
                0x0800130c                __aeabi_fcmpgt
 .text          0x08001320       0x4c c:/program files (x86)/codesourcery/sourcery_codebench_lite_for_arm_eabi/bin/../lib/gcc/arm-none-eabi/4.7.3/thumb2\libgcc.a(_arm_fixsfsi.o)
                0x08001320                __aeabi_f2iz
                0x08001320                __fixsfsi
 .text          0x0800136c       0x40 c:/program files (x86)/codesourcery/sourcery_codebench_lite_for_arm_eabi/bin/../lib/gcc/arm-none-eabi/4.7.3/thumb2\libgcc.a(_arm_fixunssfsi.o)
                0x0800136c                __fixunssfsi
                0x0800136c                __aeabi_f2uiz
 *(.init)
 *(.fini)
 *crtbegin.o(.ctors)
 *crtbegin?.o(.ctors)
 *(EXCLUDE_FILE(*crtend.o *crtend?.o) .ctors)
 *(SORT(.ctors.*))
 *(.ctors)
 *crtbegin.o(.dtors)
 *crtbegin?.o(.dtors)
 *(EXCLUDE_FILE(*crtend.o *crtend?.o) .dtors)
 *(SORT(.dtors.*))
 *(.dtors)
 *(.rodata*)
 *(.eh_frame*)

.glue_7         0x080013ac        0x0
 .glue_7        0x00000000        0x0 linker stubs

.glue_7t        0x080013ac        0x0
 .glue_7t       0x00000000        0x0 linker stubs

.vfp11_veneer   0x080013ac        0x0
 .vfp11_veneer  0x00000000        0x0 linker stubs

.v4_bx          0x080013ac        0x0
 .v4_bx         0x00000000        0x0 linker stubs

.iplt           0x080013ac        0x0
 .iplt          0x00000000        0x0 ./release/clock.o

.rel.dyn        0x080013ac        0x0
 .rel.iplt      0x00000000        0x0 ./release/clock.o

.ARM.extab
 *(.ARM.extab* .gnu.linkonce.armextab.*)
                0x080013ac                __exidx_start = .

.ARM.exidx
 *(.ARM.exidx* .gnu.linkonce.armexidx.*)
                0x080013ac                __exidx_end = .
                0x080013ac                __etext = .

.data           0x20000000        0x0 load address 0x080013ac
                0x20000000                __data_start__ = .
 *(vtable)
 *(.data*)
 .data          0x20000000        0x0 ./release/clock.o
 .data          0x20000000        0x0 ./release/gpio.o
 .data          0x20000000        0x0 ./release/timer.o
 .data          0x20000000        0x0 ./release/main.o
 .data          0x20000000        0x0 ./release/startup-gcc.o
 .data          0x20000000        0x0 c:/program files (x86)/codesourcery/sourcery_codebench_lite_for_arm_eabi/bin/../lib/gcc/arm-none-eabi/4.7.3/thumb2\libgcc.a(_arm_addsubdf3.o)
 .data          0x20000000        0x0 c:/program files (x86)/codesourcery/sourcery_codebench_lite_for_arm_eabi/bin/../lib/gcc/arm-none-eabi/4.7.3/thumb2\libgcc.a(_arm_muldivdf3.o)
 .data          0x20000000        0x0 c:/program files (x86)/codesourcery/sourcery_codebench_lite_for_arm_eabi/bin/../lib/gcc/arm-none-eabi/4.7.3/thumb2\libgcc.a(_arm_truncdfsf2.o)
 .data          0x20000000        0x0 c:/program files (x86)/codesourcery/sourcery_codebench_lite_for_arm_eabi/bin/../lib/gcc/arm-none-eabi/4.7.3/thumb2\libgcc.a(_arm_addsubsf3.o)
 .data          0x20000000        0x0 c:/program files (x86)/codesourcery/sourcery_codebench_lite_for_arm_eabi/bin/../lib/gcc/arm-none-eabi/4.7.3/thumb2\libgcc.a(_arm_muldivsf3.o)
 .data          0x20000000        0x0 c:/program files (x86)/codesourcery/sourcery_codebench_lite_for_arm_eabi/bin/../lib/gcc/arm-none-eabi/4.7.3/thumb2\libgcc.a(_arm_cmpsf2.o)
 .data          0x20000000        0x0 c:/program files (x86)/codesourcery/sourcery_codebench_lite_for_arm_eabi/bin/../lib/gcc/arm-none-eabi/4.7.3/thumb2\libgcc.a(_arm_fixsfsi.o)
 .data          0x20000000        0x0 c:/program files (x86)/codesourcery/sourcery_codebench_lite_for_arm_eabi/bin/../lib/gcc/arm-none-eabi/4.7.3/thumb2\libgcc.a(_arm_fixunssfsi.o)
                0x20000000                . = ALIGN (0x4)
                0x20000000                PROVIDE (__preinit_array_start, .)
 *(.preinit_array)
                0x20000000                PROVIDE (__preinit_array_end, .)
                0x20000000                . = ALIGN (0x4)
                0x20000000                PROVIDE (__init_array_start, .)
 *(SORT(.init_array.*))
 *(.init_array)
                0x20000000                PROVIDE (__init_array_end, .)
                0x20000000                . = ALIGN (0x4)
                0x20000000                PROVIDE (__fini_array_start, .)
 *(SORT(.fini_array.*))
 *(.fini_array)
                0x20000000                PROVIDE (__fini_array_end, .)
                0x20000000                . = ALIGN (0x4)
                0x20000000                __data_end__ = .

.igot.plt       0x20000000        0x0 load address 0x080013ac
 .igot.plt      0x00000000        0x0 ./release/clock.o

.bss            0x20000000        0x4 load address 0x080013ac
                0x20000000                __bss_start__ = .
 *(.bss*)
 .bss           0x20000000        0x0 ./release/clock.o
 .bss           0x20000000        0x0 ./release/gpio.o
 .bss           0x20000000        0x0 ./release/timer.o
 .bss           0x20000000        0x0 ./release/main.o
 .bss           0x20000000        0x0 ./release/startup-gcc.o
 .bss           0x20000000        0x0 c:/program files (x86)/codesourcery/sourcery_codebench_lite_for_arm_eabi/bin/../lib/gcc/arm-none-eabi/4.7.3/thumb2\libgcc.a(_arm_addsubdf3.o)
 .bss           0x20000000        0x0 c:/program files (x86)/codesourcery/sourcery_codebench_lite_for_arm_eabi/bin/../lib/gcc/arm-none-eabi/4.7.3/thumb2\libgcc.a(_arm_muldivdf3.o)
 .bss           0x20000000        0x0 c:/program files (x86)/codesourcery/sourcery_codebench_lite_for_arm_eabi/bin/../lib/gcc/arm-none-eabi/4.7.3/thumb2\libgcc.a(_arm_truncdfsf2.o)
 .bss           0x20000000        0x0 c:/program files (x86)/codesourcery/sourcery_codebench_lite_for_arm_eabi/bin/../lib/gcc/arm-none-eabi/4.7.3/thumb2\libgcc.a(_arm_addsubsf3.o)
 .bss           0x20000000        0x0 c:/program files (x86)/codesourcery/sourcery_codebench_lite_for_arm_eabi/bin/../lib/gcc/arm-none-eabi/4.7.3/thumb2\libgcc.a(_arm_muldivsf3.o)
 .bss           0x20000000        0x0 c:/program files (x86)/codesourcery/sourcery_codebench_lite_for_arm_eabi/bin/../lib/gcc/arm-none-eabi/4.7.3/thumb2\libgcc.a(_arm_cmpsf2.o)
 .bss           0x20000000        0x0 c:/program files (x86)/codesourcery/sourcery_codebench_lite_for_arm_eabi/bin/../lib/gcc/arm-none-eabi/4.7.3/thumb2\libgcc.a(_arm_fixsfsi.o)
 .bss           0x20000000        0x0 c:/program files (x86)/codesourcery/sourcery_codebench_lite_for_arm_eabi/bin/../lib/gcc/arm-none-eabi/4.7.3/thumb2\libgcc.a(_arm_fixunssfsi.o)
 *(COMMON)
 COMMON         0x20000000        0x4 ./release/timer.o
                0x20000000                ptr_function
                0x20000004                __bss_end__ = .

.heap           0x20000008      0x800
                0x20000008                __end__ = .
                0x20000008                end = __end__
                0x20000008                _end = __end__
 *(.heap*)
 .heap          0x20000008      0x800 ./release/startup-gcc.o
                0x20000008                __HeapBase
                0x20000808                __HeapLimit = .

.stack_dummy    0x20000008      0xc00
 *(.stack)
 .stack         0x20000008      0xc00 ./release/startup-gcc.o
                0x20005000                __StackTop = (ORIGIN (RAM) + 0x5000)
                0x20004400                __StackLimit = (__StackTop - SIZEOF (.stack_dummy))
                0x20005000                PROVIDE (__stack, __StackTop)
                0x00000001                ASSERT ((__StackLimit >= __HeapLimit), region RAM overflowed with stack)
OUTPUT(./release/TP_GPIO.elf elf32-littlearm)

.debug_info     0x00000000     0x11ec
 .debug_info    0x00000000      0x560 ./release/clock.o
 .debug_info    0x00000560      0x2a5 ./release/gpio.o
 .debug_info    0x00000805      0x6a1 ./release/timer.o
 .debug_info    0x00000ea6      0x2b0 ./release/main.o
 .debug_info    0x00001156       0x96 ./release/startup-gcc.o

.debug_abbrev   0x00000000      0x4b7
 .debug_abbrev  0x00000000      0x125 ./release/clock.o
 .debug_abbrev  0x00000125      0x12f ./release/gpio.o
 .debug_abbrev  0x00000254      0x1ae ./release/timer.o
 .debug_abbrev  0x00000402       0xa1 ./release/main.o
 .debug_abbrev  0x000004a3       0x14 ./release/startup-gcc.o

.debug_loc      0x00000000      0x3bc
 .debug_loc     0x00000000       0x21 ./release/clock.o
 .debug_loc     0x00000021      0x16b ./release/gpio.o
 .debug_loc     0x0000018c      0x230 ./release/timer.o

.debug_aranges  0x00000000       0xa0
 .debug_aranges
                0x00000000       0x20 ./release/clock.o
 .debug_aranges
                0x00000020       0x20 ./release/gpio.o
 .debug_aranges
                0x00000040       0x20 ./release/timer.o
 .debug_aranges
                0x00000060       0x20 ./release/main.o
 .debug_aranges
                0x00000080       0x20 ./release/startup-gcc.o

.debug_line     0x00000000      0x626
 .debug_line    0x00000000      0x167 ./release/clock.o
 .debug_line    0x00000167      0x146 ./release/gpio.o
 .debug_line    0x000002ad      0x1a6 ./release/timer.o
 .debug_line    0x00000453      0x12c ./release/main.o
 .debug_line    0x0000057f       0xa7 ./release/startup-gcc.o

.debug_str      0x00000000      0x4a6
 .debug_str     0x00000000      0x2cf ./release/clock.o
                                0x310 (size before relaxing)
 .debug_str     0x000002cf       0x98 ./release/gpio.o
                                0x18c (size before relaxing)
 .debug_str     0x00000367       0xd7 ./release/timer.o
                                0x34a (size before relaxing)
 .debug_str     0x0000043e       0x68 ./release/main.o
                                0x19b (size before relaxing)

.comment        0x00000000       0x30
 .comment       0x00000000       0x30 ./release/clock.o
                                 0x31 (size before relaxing)
 .comment       0x00000000       0x31 ./release/gpio.o
 .comment       0x00000000       0x31 ./release/timer.o
 .comment       0x00000000       0x31 ./release/main.o

.ARM.attributes
                0x00000000       0x31
 .ARM.attributes
                0x00000000       0x33 ./release/clock.o
 .ARM.attributes
                0x00000033       0x33 ./release/gpio.o
 .ARM.attributes
                0x00000066       0x33 ./release/timer.o
 .ARM.attributes
                0x00000099       0x33 ./release/main.o
 .ARM.attributes
                0x000000cc       0x21 ./release/startup-gcc.o
 .ARM.attributes
                0x000000ed       0x19 c:/program files (x86)/codesourcery/sourcery_codebench_lite_for_arm_eabi/bin/../lib/gcc/arm-none-eabi/4.7.3/thumb2\libgcc.a(_arm_addsubdf3.o)
 .ARM.attributes
                0x00000106       0x19 c:/program files (x86)/codesourcery/sourcery_codebench_lite_for_arm_eabi/bin/../lib/gcc/arm-none-eabi/4.7.3/thumb2\libgcc.a(_arm_muldivdf3.o)
 .ARM.attributes
                0x0000011f       0x19 c:/program files (x86)/codesourcery/sourcery_codebench_lite_for_arm_eabi/bin/../lib/gcc/arm-none-eabi/4.7.3/thumb2\libgcc.a(_arm_truncdfsf2.o)
 .ARM.attributes
                0x00000138       0x19 c:/program files (x86)/codesourcery/sourcery_codebench_lite_for_arm_eabi/bin/../lib/gcc/arm-none-eabi/4.7.3/thumb2\libgcc.a(_arm_addsubsf3.o)
 .ARM.attributes
                0x00000151       0x19 c:/program files (x86)/codesourcery/sourcery_codebench_lite_for_arm_eabi/bin/../lib/gcc/arm-none-eabi/4.7.3/thumb2\libgcc.a(_arm_muldivsf3.o)
 .ARM.attributes
                0x0000016a       0x19 c:/program files (x86)/codesourcery/sourcery_codebench_lite_for_arm_eabi/bin/../lib/gcc/arm-none-eabi/4.7.3/thumb2\libgcc.a(_arm_cmpsf2.o)
 .ARM.attributes
                0x00000183       0x19 c:/program files (x86)/codesourcery/sourcery_codebench_lite_for_arm_eabi/bin/../lib/gcc/arm-none-eabi/4.7.3/thumb2\libgcc.a(_arm_fixsfsi.o)
 .ARM.attributes
                0x0000019c       0x19 c:/program files (x86)/codesourcery/sourcery_codebench_lite_for_arm_eabi/bin/../lib/gcc/arm-none-eabi/4.7.3/thumb2\libgcc.a(_arm_fixunssfsi.o)

.debug_frame    0x00000000      0x190
 .debug_frame   0x00000000       0x70 ./release/clock.o
 .debug_frame   0x00000070       0x78 ./release/gpio.o
 .debug_frame   0x000000e8       0x88 ./release/timer.o
 .debug_frame   0x00000170       0x20 ./release/main.o
