Archive member included because of file (symbol)

c:/program files (x86)/codesourcery/sourcery_codebench_lite_for_arm_eabi/bin/../lib/gcc/arm-none-eabi/4.7.3/thumb2\libgcc.a(_arm_addsubdf3.o)
                              ./release/timer.o (__aeabi_f2d)
c:/program files (x86)/codesourcery/sourcery_codebench_lite_for_arm_eabi/bin/../lib/gcc/arm-none-eabi/4.7.3/thumb2\libgcc.a(_arm_muldivdf3.o)
                              ./release/timer.o (__aeabi_ddiv)
c:/program files (x86)/codesourcery/sourcery_codebench_lite_for_arm_eabi/bin/../lib/gcc/arm-none-eabi/4.7.3/thumb2\libgcc.a(_arm_truncdfsf2.o)
                              ./release/timer.o (__aeabi_d2f)
c:/program files (x86)/codesourcery/sourcery_codebench_lite_for_arm_eabi/bin/../lib/gcc/arm-none-eabi/4.7.3/thumb2\libgcc.a(_arm_addsubsf3.o)
                              ./release/timer.o (__aeabi_fsub)
c:/program files (x86)/codesourcery/sourcery_codebench_lite_for_arm_eabi/bin/../lib/gcc/arm-none-eabi/4.7.3/thumb2\libgcc.a(_arm_muldivsf3.o)
                              ./release/timer.o (__aeabi_fmul)
c:/program files (x86)/codesourcery/sourcery_codebench_lite_for_arm_eabi/bin/../lib/gcc/arm-none-eabi/4.7.3/thumb2\libgcc.a(_arm_cmpsf2.o)
                              ./release/timer.o (__aeabi_fcmpeq)
c:/program files (x86)/codesourcery/sourcery_codebench_lite_for_arm_eabi/bin/../lib/gcc/arm-none-eabi/4.7.3/thumb2\libgcc.a(_arm_fixsfsi.o)
                              ./release/timer.o (__aeabi_f2iz)
c:/program files (x86)/codesourcery/sourcery_codebench_lite_for_arm_eabi/bin/../lib/gcc/arm-none-eabi/4.7.3/thumb2\libgcc.a(_arm_fixunssfsi.o)
                              ./release/timer.o (__aeabi_f2uiz)

Allocating common symbols
Common symbol       size              file

ptr_function        0x4               ./release/timer.o

Memory Configuration

Name             Origin             Length             Attributes
FLASH            0x08000000         0x00020000         xr
RAM              0x20000000         0x00005000         rw
*default*        0x00000000         0xffffffff

Linker script and memory map

LOAD ./release/clock.o
LOAD ./release/gpio.o
LOAD ./release/timer.o
LOAD ./release/main.o
LOAD ./release/startup-gcc.o
LOAD c:/program files (x86)/codesourcery/sourcery_codebench_lite_for_arm_eabi/bin/../lib/gcc/arm-none-eabi/4.7.3/../../../../arm-none-eabi/lib/thumb2\libm.a
START GROUP
LOAD c:/program files (x86)/codesourcery/sourcery_codebench_lite_for_arm_eabi/bin/../lib/gcc/arm-none-eabi/4.7.3/thumb2\libgcc.a
LOAD c:/program files (x86)/codesourcery/sourcery_codebench_lite_for_arm_eabi/bin/../lib/gcc/arm-none-eabi/4.7.3/../../../../arm-none-eabi/lib/thumb2\libc.a
END GROUP
START GROUP
LOAD c:/program files (x86)/codesourcery/sourcery_codebench_lite_for_arm_eabi/bin/../lib/gcc/arm-none-eabi/4.7.3/thumb2\libgcc.a
LOAD c:/program files (x86)/codesourcery/sourcery_codebench_lite_for_arm_eabi/bin/../lib/gcc/arm-none-eabi/4.7.3/../../../../arm-none-eabi/lib/thumb2\libc.a
LOAD c:/program files (x86)/codesourcery/sourcery_codebench_lite_for_arm_eabi/bin/../lib/gcc/arm-none-eabi/4.7.3/../../../../arm-none-eabi/lib/thumb2\libm.a
END GROUP

.text           0x08000000     0x13d8
 *(.isr_vector)
 .isr_vector    0x08000000       0xec ./release/startup-gcc.o
                0x08000000                __isr_vector
 *(.text*)
 .text          0x080000ec       0xa8 ./release/clock.o
                0x080000ec                CLOCK_Configure
                0x0800016c                CLOCK_GetTIMCLK
                0x08000174                CLOCK_GetHCLK
                0x0800017c                CLOCK_GetPCLK1
                0x08000184                CLOCK_GetPCLK2
                0x0800018c                CLOCK_GetADCCLK
 .text          0x08000194       0xbc ./release/gpio.o
                0x08000194                Port_IO_Init_Output
                0x080001c4                Port_IO_Init_Input
                0x080001fc                Port_IO_Set
                0x0800020c                Port_IO_Reset
                0x08000220                Port_IO_Blink
                0x0800023c                Port_IO_Read
 .text          0x08000250      0x240 ./release/timer.o
                0x08000250                Timer_1234_Init
                0x0800039c                TIM2_IRQHandler
                0x080003c0                TIM3_IRQHandler
                0x080003e4                TIM4_IRQHandler
                0x08000408                Timer_Active_IT
 .text          0x08000490       0x54 ./release/main.o
                0x08000490                ITR_blink_diode
                0x080004a4                main
 .text          0x080004e4       0x8c ./release/startup-gcc.o
                0x080004e4                Reset_Handler
                0x08000558                SystemInit
                0x0800055a                NMI_Handler
                0x0800055c                HardFault_Handler
                0x0800055e                MemManage_Handler
                0x08000560                BusFault_Handler
                0x08000562                UsageFault_Handler
                0x08000564                SVC_Handler
                0x08000566                DebugMon_Handler
                0x08000568                PendSV_Handler
                0x0800056a                SysTick_Handler
                0x0800056c                DMAChannel1_IRQHandler
                0x0800056c                DMAChannel7_IRQHandler
                0x0800056c                SPI1_IRQHandler
                0x0800056c                TAMPER_IRQHandler
                0x0800056c                DMAChannel4_IRQHandler
                0x0800056c                I2C2_EV_IRQHandler
                0x0800056c                EXTI0_IRQHandler
                0x0800056c                RTC_IRQHandler
                0x0800056c                EXTI3_IRQHandler
                0x0800056c                CAN1_RX1_IRQHandler
                0x0800056c                I2C1_EV_IRQHandler
                0x0800056c                RCC_IRQHandler
                0x0800056c                TIM1_TRG_COM_IRQHandler
                0x0800056c                EXTI15_10_IRQHandler
                0x0800056c                ADC_IRQHandler
                0x0800056c                DMAChannel5_IRQHandler
                0x0800056c                EXTI9_5_IRQHandler
                0x0800056c                DMAChannel2_IRQHandler
                0x0800056c                SPI2_IRQHandler
                0x0800056c                PVD_IRQHandler
                0x0800056c                TIM1_CC_IRQHandler
                0x0800056c                EXTI4_IRQHandler
                0x0800056c                USB_LP_CAN1_RX0_IRQHandler
                0x0800056c                USART3_IRQHandler
                0x0800056c                USB_HP_CAN1_TX_IRQHandler
                0x0800056c                TIM1_UP_IRQHandler
                0x0800056c                WWDG_IRQHandler
                0x0800056c                TIM1_BRK_IRQHandler
                0x0800056c                EXTI1_IRQHandler
                0x0800056c                RTCAlarm_IRQHandler
                0x0800056c                USART2_IRQHandler
                0x0800056c                I2C2_ER_IRQHandler
                0x0800056c                CAN1_SCE_IRQHandler
                0x0800056c                FLASH_IRQHandler
                0x0800056c                DMAChannel6_IRQHandler
                0x0800056c                DMAChannel3_IRQHandler
                0x0800056c                EXTI2_IRQHandler
                0x0800056c                USART1_IRQHandler
                0x0800056c                I2C1_ER_IRQHandler
                0x0800056c                USBWakeUp_IRQHandler
 .text          0x08000570      0x370 c:/program files (x86)/codesourcery/sourcery_codebench_lite_for_arm_eabi/bin/../lib/gcc/arm-none-eabi/4.7.3/thumb2\libgcc.a(_arm_addsubdf3.o)
                0x08000570                __aeabi_drsub
                0x08000578                __aeabi_dsub
                0x08000578                __subdf3
                0x0800057c                __aeabi_dadd
                0x0800057c                __adddf3
                0x080007f4                __floatunsidf
                0x080007f4                __aeabi_ui2d
                0x08000814                __floatsidf
                0x08000814                __aeabi_i2d
                0x08000838                __aeabi_f2d
                0x08000838                __extendsfdf2
                0x08000874                __floatundidf
                0x08000874                __aeabi_ul2d
                0x08000884                __floatdidf
                0x08000884                __aeabi_l2d
 .text          0x080008e0      0x424 c:/program files (x86)/codesourcery/sourcery_codebench_lite_for_arm_eabi/bin/../lib/gcc/arm-none-eabi/4.7.3/thumb2\libgcc.a(_arm_muldivdf3.o)
                0x080008e0                __aeabi_dmul
                0x080008e0                __muldf3
                0x08000b34                __divdf3
                0x08000b34                __aeabi_ddiv
 .text          0x08000d04       0xa0 c:/program files (x86)/codesourcery/sourcery_codebench_lite_for_arm_eabi/bin/../lib/gcc/arm-none-eabi/4.7.3/thumb2\libgcc.a(_arm_truncdfsf2.o)
                0x08000d04                __truncdfsf2
                0x08000d04                __aeabi_d2f
 .text          0x08000da4      0x21c c:/program files (x86)/codesourcery/sourcery_codebench_lite_for_arm_eabi/bin/../lib/gcc/arm-none-eabi/4.7.3/thumb2\libgcc.a(_arm_addsubsf3.o)
                0x08000da4                __aeabi_frsub
                0x08000dac                __subsf3
                0x08000dac                __aeabi_fsub
                0x08000db0                __aeabi_fadd
                0x08000db0                __addsf3
                0x08000f10                __aeabi_ui2f
                0x08000f10                __floatunsisf
                0x08000f18                __aeabi_i2f
                0x08000f18                __floatsisf
                0x08000f34                __aeabi_ul2f
                0x08000f34                __floatundisf
                0x08000f44                __aeabi_l2f
                0x08000f44                __floatdisf
 .text          0x08000fc0      0x2a0 c:/program files (x86)/codesourcery/sourcery_codebench_lite_for_arm_eabi/bin/../lib/gcc/arm-none-eabi/4.7.3/thumb2\libgcc.a(_arm_muldivsf3.o)
                0x08000fc0                __mulsf3
                0x08000fc0                __aeabi_fmul
                0x08001128                __aeabi_fdiv
                0x08001128                __divsf3
 .text          0x08001260       0xec c:/program files (x86)/codesourcery/sourcery_codebench_lite_for_arm_eabi/bin/../lib/gcc/arm-none-eabi/4.7.3/thumb2\libgcc.a(_arm_cmpsf2.o)
                0x08001260                __gesf2
                0x08001260                __gtsf2
                0x08001268                __lesf2
                0x08001268                __ltsf2
                0x08001270                __nesf2
                0x08001270                __eqsf2
                0x08001270                __cmpsf2
                0x080012d0                __aeabi_cfrcmple
                0x080012d8                __aeabi_cfcmpeq
                0x080012d8                __aeabi_cfcmple
                0x080012e8                __aeabi_fcmpeq
                0x080012fc                __aeabi_fcmplt
                0x08001310                __aeabi_fcmple
                0x08001324                __aeabi_fcmpge
                0x08001338                __aeabi_fcmpgt
 .text          0x0800134c       0x4c c:/program files (x86)/codesourcery/sourcery_codebench_lite_for_arm_eabi/bin/../lib/gcc/arm-none-eabi/4.7.3/thumb2\libgcc.a(_arm_fixsfsi.o)
                0x0800134c                __aeabi_f2iz
                0x0800134c                __fixsfsi
 .text          0x08001398       0x40 c:/program files (x86)/codesourcery/sourcery_codebench_lite_for_arm_eabi/bin/../lib/gcc/arm-none-eabi/4.7.3/thumb2\libgcc.a(_arm_fixunssfsi.o)
                0x08001398                __fixunssfsi
                0x08001398                __aeabi_f2uiz
 *(.init)
 *(.fini)
 *crtbegin.o(.ctors)
 *crtbegin?.o(.ctors)
 *(EXCLUDE_FILE(*crtend.o *crtend?.o) .ctors)
 *(SORT(.ctors.*))
 *(.ctors)
 *crtbegin.o(.dtors)
 *crtbegin?.o(.dtors)
 *(EXCLUDE_FILE(*crtend.o *crtend?.o) .dtors)
 *(SORT(.dtors.*))
 *(.dtors)
 *(.rodata*)
 *(.eh_frame*)

.glue_7         0x080013d8        0x0
 .glue_7        0x00000000        0x0 linker stubs

.glue_7t        0x080013d8        0x0
 .glue_7t       0x00000000        0x0 linker stubs

.vfp11_veneer   0x080013d8        0x0
 .vfp11_veneer  0x00000000        0x0 linker stubs

.v4_bx          0x080013d8        0x0
 .v4_bx         0x00000000        0x0 linker stubs

.iplt           0x080013d8        0x0
 .iplt          0x00000000        0x0 ./release/clock.o

.rel.dyn        0x080013d8        0x0
 .rel.iplt      0x00000000        0x0 ./release/clock.o

.ARM.extab
 *(.ARM.extab* .gnu.linkonce.armextab.*)
                0x080013d8                __exidx_start = .

.ARM.exidx
 *(.ARM.exidx* .gnu.linkonce.armexidx.*)
                0x080013d8                __exidx_end = .
                0x080013d8                __etext = .

.data           0x20000000        0x0 load address 0x080013d8
                0x20000000                __data_start__ = .
 *(vtable)
 *(.data*)
 .data          0x20000000        0x0 ./release/clock.o
 .data          0x20000000        0x0 ./release/gpio.o
 .data          0x20000000        0x0 ./release/timer.o
 .data          0x20000000        0x0 ./release/main.o
 .data          0x20000000        0x0 ./release/startup-gcc.o
 .data          0x20000000        0x0 c:/program files (x86)/codesourcery/sourcery_codebench_lite_for_arm_eabi/bin/../lib/gcc/arm-none-eabi/4.7.3/thumb2\libgcc.a(_arm_addsubdf3.o)
 .data          0x20000000        0x0 c:/program files (x86)/codesourcery/sourcery_codebench_lite_for_arm_eabi/bin/../lib/gcc/arm-none-eabi/4.7.3/thumb2\libgcc.a(_arm_muldivdf3.o)
 .data          0x20000000        0x0 c:/program files (x86)/codesourcery/sourcery_codebench_lite_for_arm_eabi/bin/../lib/gcc/arm-none-eabi/4.7.3/thumb2\libgcc.a(_arm_truncdfsf2.o)
 .data          0x20000000        0x0 c:/program files (x86)/codesourcery/sourcery_codebench_lite_for_arm_eabi/bin/../lib/gcc/arm-none-eabi/4.7.3/thumb2\libgcc.a(_arm_addsubsf3.o)
 .data          0x20000000        0x0 c:/program files (x86)/codesourcery/sourcery_codebench_lite_for_arm_eabi/bin/../lib/gcc/arm-none-eabi/4.7.3/thumb2\libgcc.a(_arm_muldivsf3.o)
 .data          0x20000000        0x0 c:/program files (x86)/codesourcery/sourcery_codebench_lite_for_arm_eabi/bin/../lib/gcc/arm-none-eabi/4.7.3/thumb2\libgcc.a(_arm_cmpsf2.o)
 .data          0x20000000        0x0 c:/program files (x86)/codesourcery/sourcery_codebench_lite_for_arm_eabi/bin/../lib/gcc/arm-none-eabi/4.7.3/thumb2\libgcc.a(_arm_fixsfsi.o)
 .data          0x20000000        0x0 c:/program files (x86)/codesourcery/sourcery_codebench_lite_for_arm_eabi/bin/../lib/gcc/arm-none-eabi/4.7.3/thumb2\libgcc.a(_arm_fixunssfsi.o)
                0x20000000                . = ALIGN (0x4)
                0x20000000                PROVIDE (__preinit_array_start, .)
 *(.preinit_array)
                0x20000000                PROVIDE (__preinit_array_end, .)
                0x20000000                . = ALIGN (0x4)
                0x20000000                PROVIDE (__init_array_start, .)
 *(SORT(.init_array.*))
 *(.init_array)
                0x20000000                PROVIDE (__init_array_end, .)
                0x20000000                . = ALIGN (0x4)
                0x20000000                PROVIDE (__fini_array_start, .)
 *(SORT(.fini_array.*))
 *(.fini_array)
                0x20000000                PROVIDE (__fini_array_end, .)
                0x20000000                . = ALIGN (0x4)
                0x20000000                __data_end__ = .

.igot.plt       0x20000000        0x0 load address 0x080013d8
 .igot.plt      0x00000000        0x0 ./release/clock.o

.bss            0x20000000        0x4 load address 0x080013d8
                0x20000000                __bss_start__ = .
 *(.bss*)
 .bss           0x20000000        0x0 ./release/clock.o
 .bss           0x20000000        0x0 ./release/gpio.o
 .bss           0x20000000        0x0 ./release/timer.o
 .bss           0x20000000        0x0 ./release/main.o
 .bss           0x20000000        0x0 ./release/startup-gcc.o
 .bss           0x20000000        0x0 c:/program files (x86)/codesourcery/sourcery_codebench_lite_for_arm_eabi/bin/../lib/gcc/arm-none-eabi/4.7.3/thumb2\libgcc.a(_arm_addsubdf3.o)
 .bss           0x20000000        0x0 c:/program files (x86)/codesourcery/sourcery_codebench_lite_for_arm_eabi/bin/../lib/gcc/arm-none-eabi/4.7.3/thumb2\libgcc.a(_arm_muldivdf3.o)
 .bss           0x20000000        0x0 c:/program files (x86)/codesourcery/sourcery_codebench_lite_for_arm_eabi/bin/../lib/gcc/arm-none-eabi/4.7.3/thumb2\libgcc.a(_arm_truncdfsf2.o)
 .bss           0x20000000        0x0 c:/program files (x86)/codesourcery/sourcery_codebench_lite_for_arm_eabi/bin/../lib/gcc/arm-none-eabi/4.7.3/thumb2\libgcc.a(_arm_addsubsf3.o)
 .bss           0x20000000        0x0 c:/program files (x86)/codesourcery/sourcery_codebench_lite_for_arm_eabi/bin/../lib/gcc/arm-none-eabi/4.7.3/thumb2\libgcc.a(_arm_muldivsf3.o)
 .bss           0x20000000        0x0 c:/program files (x86)/codesourcery/sourcery_codebench_lite_for_arm_eabi/bin/../lib/gcc/arm-none-eabi/4.7.3/thumb2\libgcc.a(_arm_cmpsf2.o)
 .bss           0x20000000        0x0 c:/program files (x86)/codesourcery/sourcery_codebench_lite_for_arm_eabi/bin/../lib/gcc/arm-none-eabi/4.7.3/thumb2\libgcc.a(_arm_fixsfsi.o)
 .bss           0x20000000        0x0 c:/program files (x86)/codesourcery/sourcery_codebench_lite_for_arm_eabi/bin/../lib/gcc/arm-none-eabi/4.7.3/thumb2\libgcc.a(_arm_fixunssfsi.o)
 *(COMMON)
 COMMON         0x20000000        0x4 ./release/timer.o
                0x20000000                ptr_function
                0x20000004                __bss_end__ = .

.heap           0x20000008      0x800
                0x20000008                __end__ = .
                0x20000008                end = __end__
                0x20000008                _end = __end__
 *(.heap*)
 .heap          0x20000008      0x800 ./release/startup-gcc.o
                0x20000008                __HeapBase
                0x20000808                __HeapLimit = .

.stack_dummy    0x20000008      0xc00
 *(.stack)
 .stack         0x20000008      0xc00 ./release/startup-gcc.o
                0x20005000                __StackTop = (ORIGIN (RAM) + 0x5000)
                0x20004400                __StackLimit = (__StackTop - SIZEOF (.stack_dummy))
                0x20005000                PROVIDE (__stack, __StackTop)
                0x00000001                ASSERT ((__StackLimit >= __HeapLimit), region RAM overflowed with stack)
OUTPUT(./release/TP_GPIO.elf elf32-littlearm)

.debug_info     0x00000000     0x14cf
 .debug_info    0x00000000      0x560 ./release/clock.o
 .debug_info    0x00000560      0x2a5 ./release/gpio.o
 .debug_info    0x00000805      0x6a1 ./release/timer.o
 .debug_info    0x00000ea6      0x593 ./release/main.o
 .debug_info    0x00001439       0x96 ./release/startup-gcc.o

.debug_abbrev   0x00000000      0x543
 .debug_abbrev  0x00000000      0x125 ./release/clock.o
 .debug_abbrev  0x00000125      0x12f ./release/gpio.o
 .debug_abbrev  0x00000254      0x1ae ./release/timer.o
 .debug_abbrev  0x00000402      0x12d ./release/main.o
 .debug_abbrev  0x0000052f       0x14 ./release/startup-gcc.o

.debug_loc      0x00000000      0x3fc
 .debug_loc     0x00000000       0x21 ./release/clock.o
 .debug_loc     0x00000021      0x16b ./release/gpio.o
 .debug_loc     0x0000018c      0x230 ./release/timer.o
 .debug_loc     0x000003bc       0x40 ./release/main.o

.debug_aranges  0x00000000       0xa0
 .debug_aranges
                0x00000000       0x20 ./release/clock.o
 .debug_aranges
                0x00000020       0x20 ./release/gpio.o
 .debug_aranges
                0x00000040       0x20 ./release/timer.o
 .debug_aranges
                0x00000060       0x20 ./release/main.o
 .debug_aranges
                0x00000080       0x20 ./release/startup-gcc.o

.debug_line     0x00000000      0x64f
 .debug_line    0x00000000      0x167 ./release/clock.o
 .debug_line    0x00000167      0x146 ./release/gpio.o
 .debug_line    0x000002ad      0x1a6 ./release/timer.o
 .debug_line    0x00000453      0x155 ./release/main.o
 .debug_line    0x000005a8       0xa7 ./release/startup-gcc.o

.debug_str      0x00000000      0x45e
 .debug_str     0x00000000      0x2cf ./release/clock.o
                                0x310 (size before relaxing)
 .debug_str     0x000002cf       0x98 ./release/gpio.o
                                0x18c (size before relaxing)
 .debug_str     0x00000367       0xd7 ./release/timer.o
                                0x34a (size before relaxing)
 .debug_str     0x0000043e       0x20 ./release/main.o
                                0x2d7 (size before relaxing)

.comment        0x00000000       0x30
 .comment       0x00000000       0x30 ./release/clock.o
                                 0x31 (size before relaxing)
 .comment       0x00000000       0x31 ./release/gpio.o
 .comment       0x00000000       0x31 ./release/timer.o
 .comment       0x00000000       0x31 ./release/main.o

.ARM.attributes
                0x00000000       0x31
 .ARM.attributes
                0x00000000       0x33 ./release/clock.o
 .ARM.attributes
                0x00000033       0x33 ./release/gpio.o
 .ARM.attributes
                0x00000066       0x33 ./release/timer.o
 .ARM.attributes
                0x00000099       0x33 ./release/main.o
 .ARM.attributes
                0x000000cc       0x21 ./release/startup-gcc.o
 .ARM.attributes
                0x000000ed       0x19 c:/program files (x86)/codesourcery/sourcery_codebench_lite_for_arm_eabi/bin/../lib/gcc/arm-none-eabi/4.7.3/thumb2\libgcc.a(_arm_addsubdf3.o)
 .ARM.attributes
                0x00000106       0x19 c:/program files (x86)/codesourcery/sourcery_codebench_lite_for_arm_eabi/bin/../lib/gcc/arm-none-eabi/4.7.3/thumb2\libgcc.a(_arm_muldivdf3.o)
 .ARM.attributes
                0x0000011f       0x19 c:/program files (x86)/codesourcery/sourcery_codebench_lite_for_arm_eabi/bin/../lib/gcc/arm-none-eabi/4.7.3/thumb2\libgcc.a(_arm_truncdfsf2.o)
 .ARM.attributes
                0x00000138       0x19 c:/program files (x86)/codesourcery/sourcery_codebench_lite_for_arm_eabi/bin/../lib/gcc/arm-none-eabi/4.7.3/thumb2\libgcc.a(_arm_addsubsf3.o)
 .ARM.attributes
                0x00000151       0x19 c:/program files (x86)/codesourcery/sourcery_codebench_lite_for_arm_eabi/bin/../lib/gcc/arm-none-eabi/4.7.3/thumb2\libgcc.a(_arm_muldivsf3.o)
 .ARM.attributes
                0x0000016a       0x19 c:/program files (x86)/codesourcery/sourcery_codebench_lite_for_arm_eabi/bin/../lib/gcc/arm-none-eabi/4.7.3/thumb2\libgcc.a(_arm_cmpsf2.o)
 .ARM.attributes
                0x00000183       0x19 c:/program files (x86)/codesourcery/sourcery_codebench_lite_for_arm_eabi/bin/../lib/gcc/arm-none-eabi/4.7.3/thumb2\libgcc.a(_arm_fixsfsi.o)
 .ARM.attributes
                0x0000019c       0x19 c:/program files (x86)/codesourcery/sourcery_codebench_lite_for_arm_eabi/bin/../lib/gcc/arm-none-eabi/4.7.3/thumb2\libgcc.a(_arm_fixunssfsi.o)

.debug_frame    0x00000000      0x1b0
 .debug_frame   0x00000000       0x70 ./release/clock.o
 .debug_frame   0x00000070       0x78 ./release/gpio.o
 .debug_frame   0x000000e8       0x88 ./release/timer.o
 .debug_frame   0x00000170       0x40 ./release/main.o
