
Memory Configuration

Name             Origin             Length             Attributes
FLASH            0x08000000         0x00020000         xr
RAM              0x20000000         0x00005000         rw
*default*        0x00000000         0xffffffff

Linker script and memory map

LOAD ./release/test_gpio.o
LOAD ./release/gpio.o
LOAD ./release/startup-gcc.o
LOAD c:/program files (x86)/codesourcery/sourcery_codebench_lite_for_arm_eabi/bin/../lib/gcc/arm-none-eabi/4.7.3/../../../../arm-none-eabi/lib/thumb2\libm.a
START GROUP
LOAD c:/program files (x86)/codesourcery/sourcery_codebench_lite_for_arm_eabi/bin/../lib/gcc/arm-none-eabi/4.7.3/thumb2\libgcc.a
LOAD c:/program files (x86)/codesourcery/sourcery_codebench_lite_for_arm_eabi/bin/../lib/gcc/arm-none-eabi/4.7.3/../../../../arm-none-eabi/lib/thumb2\libc.a
END GROUP
START GROUP
LOAD c:/program files (x86)/codesourcery/sourcery_codebench_lite_for_arm_eabi/bin/../lib/gcc/arm-none-eabi/4.7.3/thumb2\libgcc.a
LOAD c:/program files (x86)/codesourcery/sourcery_codebench_lite_for_arm_eabi/bin/../lib/gcc/arm-none-eabi/4.7.3/../../../../arm-none-eabi/lib/thumb2\libc.a
LOAD c:/program files (x86)/codesourcery/sourcery_codebench_lite_for_arm_eabi/bin/../lib/gcc/arm-none-eabi/4.7.3/../../../../arm-none-eabi/lib/thumb2\libm.a
END GROUP

.text           0x08000000      0x370
 *(.isr_vector)
 .isr_vector    0x08000000       0xec ./release/startup-gcc.o
                0x08000000                __isr_vector
 *(.text*)
 .text          0x080000ec       0x7c ./release/test_gpio.o
                0x080000ec                main
 .text          0x08000168      0x17c ./release/gpio.o
                0x08000168                Port_IO_Init_Output
                0x080001bc                Port_IO_Init_Input
                0x08000218                Port_IO_Set
                0x08000244                Port_IO_Reset
                0x08000274                Port_IO_Blink
                0x080002b4                Port_IO_Read
 .text          0x080002e4       0x8c ./release/startup-gcc.o
                0x080002e4                Reset_Handler
                0x08000358                SystemInit
                0x0800035a                NMI_Handler
                0x0800035c                HardFault_Handler
                0x0800035e                MemManage_Handler
                0x08000360                BusFault_Handler
                0x08000362                UsageFault_Handler
                0x08000364                SVC_Handler
                0x08000366                DebugMon_Handler
                0x08000368                PendSV_Handler
                0x0800036a                SysTick_Handler
                0x0800036c                I2C2_EV_IRQHandler
                0x0800036c                DMAChannel1_IRQHandler
                0x0800036c                DMAChannel7_IRQHandler
                0x0800036c                SPI1_IRQHandler
                0x0800036c                TAMPER_IRQHandler
                0x0800036c                DMAChannel4_IRQHandler
                0x0800036c                USART3_IRQHandler
                0x0800036c                EXTI0_IRQHandler
                0x0800036c                TIM1_CC_IRQHandler
                0x0800036c                EXTI3_IRQHandler
                0x0800036c                TIM4_IRQHandler
                0x0800036c                I2C1_EV_IRQHandler
                0x0800036c                TIM3_IRQHandler
                0x0800036c                RCC_IRQHandler
                0x0800036c                TIM1_TRG_COM_IRQHandler
                0x0800036c                EXTI15_10_IRQHandler
                0x0800036c                ADC_IRQHandler
                0x0800036c                DMAChannel5_IRQHandler
                0x0800036c                EXTI9_5_IRQHandler
                0x0800036c                DMAChannel2_IRQHandler
                0x0800036c                SPI2_IRQHandler
                0x0800036c                PVD_IRQHandler
                0x0800036c                CAN1_RX1_IRQHandler
                0x0800036c                EXTI4_IRQHandler
                0x0800036c                USB_LP_CAN1_RX0_IRQHandler
                0x0800036c                RTC_IRQHandler
                0x0800036c                USB_HP_CAN1_TX_IRQHandler
                0x0800036c                TIM1_UP_IRQHandler
                0x0800036c                WWDG_IRQHandler
                0x0800036c                TIM2_IRQHandler
                0x0800036c                TIM1_BRK_IRQHandler
                0x0800036c                EXTI1_IRQHandler
                0x0800036c                RTCAlarm_IRQHandler
                0x0800036c                USART2_IRQHandler
                0x0800036c                I2C2_ER_IRQHandler
                0x0800036c                CAN1_SCE_IRQHandler
                0x0800036c                FLASH_IRQHandler
                0x0800036c                DMAChannel6_IRQHandler
                0x0800036c                DMAChannel3_IRQHandler
                0x0800036c                EXTI2_IRQHandler
                0x0800036c                USART1_IRQHandler
                0x0800036c                I2C1_ER_IRQHandler
                0x0800036c                USBWakeUp_IRQHandler
 *(.init)
 *(.fini)
 *crtbegin.o(.ctors)
 *crtbegin?.o(.ctors)
 *(EXCLUDE_FILE(*crtend.o *crtend?.o) .ctors)
 *(SORT(.ctors.*))
 *(.ctors)
 *crtbegin.o(.dtors)
 *crtbegin?.o(.dtors)
 *(EXCLUDE_FILE(*crtend.o *crtend?.o) .dtors)
 *(SORT(.dtors.*))
 *(.dtors)
 *(.rodata*)
 *(.eh_frame*)

.glue_7         0x08000370        0x0
 .glue_7        0x00000000        0x0 linker stubs

.glue_7t        0x08000370        0x0
 .glue_7t       0x00000000        0x0 linker stubs

.vfp11_veneer   0x08000370        0x0
 .vfp11_veneer  0x00000000        0x0 linker stubs

.v4_bx          0x08000370        0x0
 .v4_bx         0x00000000        0x0 linker stubs

.iplt           0x08000370        0x0
 .iplt          0x00000000        0x0 ./release/test_gpio.o

.rel.dyn        0x08000370        0x0
 .rel.iplt      0x00000000        0x0 ./release/test_gpio.o

.ARM.extab
 *(.ARM.extab* .gnu.linkonce.armextab.*)
                0x08000370                __exidx_start = .

.ARM.exidx
 *(.ARM.exidx* .gnu.linkonce.armexidx.*)
                0x08000370                __exidx_end = .
                0x08000370                __etext = .

.data           0x20000000        0x0 load address 0x08000370
                0x20000000                __data_start__ = .
 *(vtable)
 *(.data*)
 .data          0x20000000        0x0 ./release/test_gpio.o
 .data          0x20000000        0x0 ./release/gpio.o
 .data          0x20000000        0x0 ./release/startup-gcc.o
                0x20000000                . = ALIGN (0x4)
                0x20000000                PROVIDE (__preinit_array_start, .)
 *(.preinit_array)
                0x20000000                PROVIDE (__preinit_array_end, .)
                0x20000000                . = ALIGN (0x4)
                0x20000000                PROVIDE (__init_array_start, .)
 *(SORT(.init_array.*))
 *(.init_array)
                0x20000000                PROVIDE (__init_array_end, .)
                0x20000000                . = ALIGN (0x4)
                0x20000000                PROVIDE (__fini_array_start, .)
 *(SORT(.fini_array.*))
 *(.fini_array)
                0x20000000                PROVIDE (__fini_array_end, .)
                0x20000000                . = ALIGN (0x4)
                0x20000000                __data_end__ = .

.igot.plt       0x20000000        0x0 load address 0x08000370
 .igot.plt      0x00000000        0x0 ./release/test_gpio.o

.bss            0x20000000        0x0 load address 0x08000370
                0x20000000                __bss_start__ = .
 *(.bss*)
 .bss           0x20000000        0x0 ./release/test_gpio.o
 .bss           0x20000000        0x0 ./release/gpio.o
 .bss           0x20000000        0x0 ./release/startup-gcc.o
 *(COMMON)
                0x20000000                __bss_end__ = .

.heap           0x20000000      0x800
                0x20000000                __end__ = .
                0x20000000                end = __end__
                0x20000000                _end = __end__
 *(.heap*)
 .heap          0x20000000      0x800 ./release/startup-gcc.o
                0x20000000                __HeapBase
                0x20000800                __HeapLimit = .

.stack_dummy    0x20000000      0xc00
 *(.stack)
 .stack         0x20000000      0xc00 ./release/startup-gcc.o
                0x20005000                __StackTop = (ORIGIN (RAM) + 0x5000)
                0x20004400                __StackLimit = (__StackTop - SIZEOF (.stack_dummy))
                0x20005000                PROVIDE (__stack, __StackTop)
                0x00000001                ASSERT ((__StackLimit >= __HeapLimit), region RAM overflowed with stack)
OUTPUT(./release/TP_GPIO.elf elf32-littlearm)

.debug_info     0x00000000      0x502
 .debug_info    0x00000000      0x1e5 ./release/test_gpio.o
 .debug_info    0x000001e5      0x28a ./release/gpio.o
 .debug_info    0x0000046f       0x93 ./release/startup-gcc.o

.debug_abbrev   0x00000000      0x1b1
 .debug_abbrev  0x00000000       0xa1 ./release/test_gpio.o
 .debug_abbrev  0x000000a1       0xfc ./release/gpio.o
 .debug_abbrev  0x0000019d       0x14 ./release/startup-gcc.o

.debug_loc      0x00000000      0x17c
 .debug_loc     0x00000000       0x2c ./release/test_gpio.o
 .debug_loc     0x0000002c      0x150 ./release/gpio.o

.debug_aranges  0x00000000       0x60
 .debug_aranges
                0x00000000       0x20 ./release/test_gpio.o
 .debug_aranges
                0x00000020       0x20 ./release/gpio.o
 .debug_aranges
                0x00000040       0x20 ./release/startup-gcc.o

.debug_line     0x00000000      0x32c
 .debug_line    0x00000000      0x13a ./release/test_gpio.o
 .debug_line    0x0000013a      0x14b ./release/gpio.o
 .debug_line    0x00000285       0xa7 ./release/startup-gcc.o

.debug_str      0x00000000      0x1a1
 .debug_str     0x00000000      0x118 ./release/test_gpio.o
                                0x154 (size before relaxing)
 .debug_str     0x00000118       0x89 ./release/gpio.o
                                0x189 (size before relaxing)

.comment        0x00000000       0x30
 .comment       0x00000000       0x30 ./release/test_gpio.o
                                 0x31 (size before relaxing)
 .comment       0x00000000       0x31 ./release/gpio.o

.ARM.attributes
                0x00000000       0x31
 .ARM.attributes
                0x00000000       0x33 ./release/test_gpio.o
 .ARM.attributes
                0x00000033       0x33 ./release/gpio.o
 .ARM.attributes
                0x00000066       0x21 ./release/startup-gcc.o

.debug_frame    0x00000000       0xe8
 .debug_frame   0x00000000       0x2c ./release/test_gpio.o
 .debug_frame   0x0000002c       0xbc ./release/gpio.o
